
> revrom-adventure-travel@0.0.0 build
> vite build

[36mvite v6.4.1 [32mbuilding for production...[36m[39m
transforming...
[32mΓ£ô[39m 335 modules transformed.
rendering chunks...
computing gzip size...
[2mdist/[22m[32mindex.html                         [39m[1m[2m  2.95 kB[22m[1m[22m[2m Γöé gzip:   1.19 kB[22m
[2mdist/[22m[35massets/index-CIvEfDxN.css          [39m[1m[2m 74.64 kB[22m[1m[22m[2m Γöé gzip:  12.23 kB[22m
[2mdist/[22m[36massets/BlogPage-DJ9WqQkN.js        [39m[1m[2m  1.03 kB[22m[1m[22m[2m Γöé gzip:   0.53 kB[22m
[2mdist/[22m[36massets/GalleryPage-CCreVxht.js     [39m[1m[2m  1.94 kB[22m[1m[22m[2m Γöé gzip:   0.91 kB[22m
[2mdist/[22m[36massets/DynamicPage-Dmv1Vmme.js     [39m[1m[2m  2.44 kB[22m[1m[22m[2m Γöé gzip:   0.90 kB[22m
[2mdist/[22m[36massets/LoginPage-Vnnbzqyj.js       [39m[1m[2m  3.12 kB[22m[1m[22m[2m Γöé gzip:   1.11 kB[22m
[2mdist/[22m[36massets/AllToursPage-tNr0T9WQ.js    [39m[1m[2m  4.22 kB[22m[1m[22m[2m Γöé gzip:   1.77 kB[22m
[2mdist/[22m[36massets/ContactPage-Dv9SswZL.js     [39m[1m[2m 10.93 kB[22m[1m[22m[2m Γöé gzip:   3.39 kB[22m
[2mdist/[22m[36massets/CustomizePage-DFPVsq_J.js   [39m[1m[2m 31.92 kB[22m[1m[22m[2m Γöé gzip:   9.11 kB[22m
[2mdist/[22m[36massets/AdminPage-jBezK4Hi.js       [39m[1m[2m136.19 kB[22m[1m[22m[2m Γöé gzip:  23.08 kB[22m
[2mdist/[22m[36massets/BlogDetailPage-D2UZkhCC.js  [39m[1m[2m146.85 kB[22m[1m[22m[2m Γöé gzip:  46.02 kB[22m
[2mdist/[22m[36massets/index-DBs4iBkf.js           [39m[1m[2m448.46 kB[22m[1m[22m[2m Γöé gzip: 125.72 kB[22m
[32mΓ£ô built in 1.78s[39m
